INFO: Temp frame dir: /tmp/bw18_frames_ag0sakt2
INFO: Loading TIC-VLA model ...
`torch_dtype` is deprecated! Use `dtype` instead!
INFO: vision_select_layer: -1
INFO: ps_version: v2
INFO: min_dynamic_patch: 1
INFO: max_dynamic_patch: 12
INFO: vision_config is None. Initializing the InternVisionConfig with default values.
INFO: llm_config is None. Initializing the LlamaConfig config with default values (`LlamaConfig`).
INFO: vision_select_layer: -1
INFO: ps_version: v1
INFO: min_dynamic_patch: 1
INFO: max_dynamic_patch: 6
INFO: num_image_token: 256
INFO: ps_version: v2
INFO: vision_select_layer: -1
INFO: ps_version: v2
INFO: min_dynamic_patch: 1
INFO: max_dynamic_patch: 12
INFO: vision_config is None. Initializing the InternVisionConfig with default values.
INFO: llm_config is None. Initializing the LlamaConfig config with default values (`LlamaConfig`).
INFO: vision_select_layer: -1
INFO: ps_version: v1
INFO: min_dynamic_patch: 1
INFO: max_dynamic_patch: 6
INFO: Initializing kv_cache_proj with feat_dim=128 (kv_num_heads=2, kv_head_dim=64)
INFO: VLM ← /home/cvit-car-simulator/Desktop/bw18_ticvla_output/checkpoints/ticvla/vlm/ticvla-vlm-epoch=00-val_language_loss=0.2781.ckpt
INFO: Loading direct VLM checkpoint: /home/cvit-car-simulator/Desktop/bw18_ticvla_output/checkpoints/ticvla/vlm/ticvla-vlm-epoch=00-val_language_loss=0.2781.ckpt
INFO: Remapping model.vlm.* checkpoint keys to VLM structure...
INFO: Successfully loaded direct VLM weights
INFO: Action expert ← /home/cvit-car-simulator/Desktop/bw18_ticvla_output/checkpoints/ticvla/action/ticvla-action-epoch=14-val_total_loss=0.0041.ckpt
INFO: Action expert: 86 keys | missing=0 unexpected=0
INFO: TIC-VLA ready on cuda:0
INFO: Signalled vla_ready. Watching /tmp/bw11_ipc ...
Setting `pad_token_id` to `eos_token_id`:151645 for open-end generation.
INFO: q=  1  lin=+0.400  ang=-0.174  lat=3.37s  wp0=(0.100,-0.011)
Setting `pad_token_id` to `eos_token_id`:151645 for open-end generation.
INFO: q=  2  lin=+0.400  ang=-0.130  lat=2.74s  wp0=(0.098,-0.011)
Setting `pad_token_id` to `eos_token_id`:151645 for open-end generation.
INFO: q=  3  lin=+0.400  ang=-0.026  lat=3.21s  wp0=(0.055,-0.009)
Setting `pad_token_id` to `eos_token_id`:151645 for open-end generation.
INFO: q=  4  lin=+0.400  ang=+0.008  lat=3.26s  wp0=(0.086,0.002)
Setting `pad_token_id` to `eos_token_id`:151645 for open-end generation.
INFO: q=  5  lin=+0.400  ang=+0.110  lat=3.38s  wp0=(0.073,0.009)
Setting `pad_token_id` to `eos_token_id`:151645 for open-end generation.
INFO: q=  6  lin=+0.400  ang=+0.130  lat=3.39s  wp0=(0.072,0.013)
Setting `pad_token_id` to `eos_token_id`:151645 for open-end generation.
INFO: q=  7  lin=+0.400  ang=+0.071  lat=3.27s  wp0=(0.065,0.016)
Setting `pad_token_id` to `eos_token_id`:151645 for open-end generation.
INFO: q=  8  lin=+0.400  ang=+0.368  lat=3.37s  wp0=(0.077,0.008)
Setting `pad_token_id` to `eos_token_id`:151645 for open-end generation.
INFO: q=  9  lin=+0.400  ang=+0.094  lat=2.37s  wp0=(0.077,0.009)
Setting `pad_token_id` to `eos_token_id`:151645 for open-end generation.
INFO: q= 10  lin=+0.400  ang=+0.098  lat=3.33s  wp0=(0.064,0.012)
Setting `pad_token_id` to `eos_token_id`:151645 for open-end generation.
INFO: q= 11  lin=+0.400  ang=+0.107  lat=3.34s  wp0=(0.060,0.013)
Setting `pad_token_id` to `eos_token_id`:151645 for open-end generation.
INFO: q= 12  lin=+0.400  ang=+0.159  lat=3.26s  wp0=(0.087,0.016)
Setting `pad_token_id` to `eos_token_id`:151645 for open-end generation.
INFO: q= 13  lin=+0.400  ang=+0.233  lat=3.36s  wp0=(0.061,0.007)
Setting `pad_token_id` to `eos_token_id`:151645 for open-end generation.
INFO: q= 14  lin=+0.400  ang=+0.178  lat=2.81s  wp0=(0.067,0.007)
Setting `pad_token_id` to `eos_token_id`:151645 for open-end generation.
INFO: q= 15  lin=+0.400  ang=+0.159  lat=2.40s  wp0=(0.074,0.008)
Setting `pad_token_id` to `eos_token_id`:151645 for open-end generation.
INFO: q= 16  lin=+0.400  ang=+0.112  lat=3.28s  wp0=(0.051,0.009)
Setting `pad_token_id` to `eos_token_id`:151645 for open-end generation.
INFO: q= 17  lin=+0.400  ang=+0.139  lat=2.98s  wp0=(0.101,0.011)
Setting `pad_token_id` to `eos_token_id`:151645 for open-end generation.
INFO: q= 18  lin=+0.400  ang=+0.386  lat=3.30s  wp0=(0.057,0.014)
Setting `pad_token_id` to `eos_token_id`:151645 for open-end generation.
INFO: q= 19  lin=+0.400  ang=+0.042  lat=1.45s  wp0=(0.103,0.012)
Setting `pad_token_id` to `eos_token_id`:151645 for open-end generation.
INFO: q= 20  lin=+0.400  ang=+0.041  lat=3.17s  wp0=(0.089,0.013)
Setting `pad_token_id` to `eos_token_id`:151645 for open-end generation.
INFO: q= 21  lin=+0.400  ang=+0.279  lat=3.31s  wp0=(0.041,0.013)
Setting `pad_token_id` to `eos_token_id`:151645 for open-end generation.
INFO: q= 22  lin=+0.400  ang=+0.693  lat=3.39s  wp0=(0.038,0.016)
Setting `pad_token_id` to `eos_token_id`:151645 for open-end generation.
INFO: q= 23  lin=+0.400  ang=+0.426  lat=1.45s  wp0=(0.089,0.010)
Setting `pad_token_id` to `eos_token_id`:151645 for open-end generation.
INFO: q= 24  lin=+0.400  ang=+1.000  lat=3.26s  wp0=(0.052,0.013)
Setting `pad_token_id` to `eos_token_id`:151645 for open-end generation.
INFO: q= 25  lin=+0.400  ang=+1.000  lat=3.33s  wp0=(0.040,0.014)
Setting `pad_token_id` to `eos_token_id`:151645 for open-end generation.
INFO: q= 26  lin=+0.400  ang=+0.664  lat=2.85s  wp0=(0.068,0.017)
Setting `pad_token_id` to `eos_token_id`:151645 for open-end generation.
INFO: q= 27  lin=+0.400  ang=+0.789  lat=3.30s  wp0=(0.040,0.018)
Setting `pad_token_id` to `eos_token_id`:151645 for open-end generation.
INFO: q= 28  lin=+0.400  ang=+0.761  lat=3.26s  wp0=(0.049,0.016)
Setting `pad_token_id` to `eos_token_id`:151645 for open-end generation.
INFO: q= 29  lin=+0.400  ang=+0.566  lat=2.79s  wp0=(0.071,0.019)
Setting `pad_token_id` to `eos_token_id`:151645 for open-end generation.
INFO: q= 30  lin=+0.400  ang=+0.483  lat=3.21s  wp0=(0.069,0.023)
Setting `pad_token_id` to `eos_token_id`:151645 for open-end generation.
INFO: q= 31  lin=+0.400  ang=+0.175  lat=2.70s  wp0=(0.081,0.014)
Setting `pad_token_id` to `eos_token_id`:151645 for open-end generation.
INFO: q= 32  lin=+0.400  ang=+0.141  lat=2.72s  wp0=(0.086,0.013)
Setting `pad_token_id` to `eos_token_id`:151645 for open-end generation.
INFO: q= 33  lin=+0.400  ang=+0.085  lat=2.58s  wp0=(0.085,0.011)
Setting `pad_token_id` to `eos_token_id`:151645 for open-end generation.
INFO: q= 34  lin=+0.400  ang=+0.028  lat=3.23s  wp0=(0.086,0.012)
Setting `pad_token_id` to `eos_token_id`:151645 for open-end generation.
INFO: q= 35  lin=+0.400  ang=+0.090  lat=1.45s  wp0=(0.100,0.009)
Setting `pad_token_id` to `eos_token_id`:151645 for open-end generation.
INFO: q= 36  lin=+0.400  ang=+0.016  lat=2.59s  wp0=(0.090,0.011)
Setting `pad_token_id` to `eos_token_id`:151645 for open-end generation.
INFO: q= 37  lin=+0.400  ang=+0.106  lat=3.36s  wp0=(0.084,0.015)
Setting `pad_token_id` to `eos_token_id`:151645 for open-end generation.
INFO: q= 38  lin=+0.400  ang=+0.062  lat=3.32s  wp0=(0.064,0.004)
Setting `pad_token_id` to `eos_token_id`:151645 for open-end generation.
INFO: q= 39  lin=+0.400  ang=+0.074  lat=3.21s  wp0=(0.090,0.009)
Setting `pad_token_id` to `eos_token_id`:151645 for open-end generation.
INFO: q= 40  lin=+0.400  ang=+0.078  lat=3.30s  wp0=(0.085,0.012)
INFO: Isaac Sim signalled done.
INFO: 
Video saved → /home/cvit-car-simulator/Desktop/bw18_sim_demo.mp4
INFO: Episode log → /home/cvit-car-simulator/Desktop/bw18_sim_demo.json
INFO: 
40 frames | 40 queries | avg_lin=0.400  avg_ang=0.241  avg_lat=2.99s
FlashAttention2 is not installed.
