INFO: Temp frame dir: /tmp/bw18_frames_lu7na08c
INFO: Loading TIC-VLA model ...
INFO: Full ckpt ← /home/cvit-car-simulator/Desktop/tic-vla-full-ckpt/TIC-VLA-model.ckpt
INFO: action_num_layers=3  action_horizon_steps=30  (from checkpoint hyper_parameters)
`torch_dtype` is deprecated! Use `dtype` instead!
INFO: vision_select_layer: -1
INFO: ps_version: v2
INFO: min_dynamic_patch: 1
INFO: max_dynamic_patch: 12
INFO: vision_config is None. Initializing the InternVisionConfig with default values.
INFO: llm_config is None. Initializing the LlamaConfig config with default values (`LlamaConfig`).
INFO: vision_select_layer: -1
INFO: ps_version: v1
INFO: min_dynamic_patch: 1
INFO: max_dynamic_patch: 6
INFO: num_image_token: 256
INFO: ps_version: v2
INFO: vision_select_layer: -1
INFO: ps_version: v2
INFO: min_dynamic_patch: 1
INFO: max_dynamic_patch: 12
INFO: vision_config is None. Initializing the InternVisionConfig with default values.
INFO: llm_config is None. Initializing the LlamaConfig config with default values (`LlamaConfig`).
INFO: vision_select_layer: -1
INFO: ps_version: v1
INFO: min_dynamic_patch: 1
INFO: max_dynamic_patch: 6
INFO: Initializing kv_cache_proj with feat_dim=128 (kv_num_heads=2, kv_head_dim=64)
INFO: Loading direct VLM checkpoint: /home/cvit-car-simulator/Desktop/tic-vla-full-ckpt/TIC-VLA-model.ckpt
INFO: Remapping model.vlm.* checkpoint keys to VLM structure...
INFO: Successfully loaded direct VLM weights
INFO: Action expert ← /home/cvit-car-simulator/Desktop/tic-vla-full-ckpt/TIC-VLA-model.ckpt: 50 keys | missing=0 unexpected=0
INFO: TIC-VLA ready on cuda:0
INFO: Signalled vla_ready. Watching /tmp/bw11_ipc ...
Setting `pad_token_id` to `eos_token_id`:151645 for open-end generation.
INFO: q=  1  lin=+0.305  ang=-0.412  lat=2.61s  wp0=(0.030,-0.003)
Setting `pad_token_id` to `eos_token_id`:151645 for open-end generation.
INFO: q=  2  lin=+0.102  ang=-0.400  lat=2.23s  wp0=(0.010,-0.003)
Setting `pad_token_id` to `eos_token_id`:151645 for open-end generation.
INFO: q=  3  lin=+0.304  ang=-0.546  lat=2.18s  wp0=(0.030,-0.006)
Setting `pad_token_id` to `eos_token_id`:151645 for open-end generation.
INFO: q=  4  lin=+0.284  ang=-0.463  lat=2.29s  wp0=(0.028,-0.006)
Setting `pad_token_id` to `eos_token_id`:151645 for open-end generation.
INFO: q=  5  lin=+0.399  ang=-0.578  lat=2.26s  wp0=(0.040,-0.005)
Setting `pad_token_id` to `eos_token_id`:151645 for open-end generation.
INFO: q=  6  lin=+0.399  ang=-0.233  lat=2.23s  wp0=(0.040,-0.004)
Setting `pad_token_id` to `eos_token_id`:151645 for open-end generation.
INFO: q=  7  lin=+0.400  ang=-0.207  lat=2.20s  wp0=(0.042,-0.004)
Setting `pad_token_id` to `eos_token_id`:151645 for open-end generation.
INFO: q=  8  lin=+0.181  ang=-0.585  lat=2.44s  wp0=(0.018,-0.004)
Setting `pad_token_id` to `eos_token_id`:151645 for open-end generation.
INFO: q=  9  lin=+0.249  ang=-0.415  lat=2.32s  wp0=(0.025,0.000)
Setting `pad_token_id` to `eos_token_id`:151645 for open-end generation.
INFO: q= 10  lin=+0.208  ang=-0.447  lat=2.43s  wp0=(0.021,-0.003)
Setting `pad_token_id` to `eos_token_id`:151645 for open-end generation.
INFO: q= 11  lin=+0.282  ang=-0.274  lat=2.26s  wp0=(0.028,-0.003)
Setting `pad_token_id` to `eos_token_id`:151645 for open-end generation.
INFO: q= 12  lin=+0.206  ang=-0.572  lat=2.42s  wp0=(0.020,0.004)
Setting `pad_token_id` to `eos_token_id`:151645 for open-end generation.
INFO: q= 13  lin=+0.205  ang=-0.516  lat=2.48s  wp0=(0.020,0.003)
Setting `pad_token_id` to `eos_token_id`:151645 for open-end generation.
INFO: q= 14  lin=+0.224  ang=-0.848  lat=2.43s  wp0=(0.022,0.002)
Setting `pad_token_id` to `eos_token_id`:151645 for open-end generation.
INFO: q= 15  lin=+0.229  ang=-0.665  lat=2.34s  wp0=(0.023,0.002)
Setting `pad_token_id` to `eos_token_id`:151645 for open-end generation.
INFO: q= 16  lin=+0.235  ang=-0.777  lat=2.41s  wp0=(0.024,0.001)
Setting `pad_token_id` to `eos_token_id`:151645 for open-end generation.
INFO: q= 17  lin=+0.197  ang=-0.948  lat=2.19s  wp0=(0.020,-0.002)
Setting `pad_token_id` to `eos_token_id`:151645 for open-end generation.
INFO: q= 18  lin=+0.211  ang=-0.730  lat=2.49s  wp0=(0.021,0.001)
Setting `pad_token_id` to `eos_token_id`:151645 for open-end generation.
INFO: q= 19  lin=+0.208  ang=-0.693  lat=2.29s  wp0=(0.021,0.003)
Setting `pad_token_id` to `eos_token_id`:151645 for open-end generation.
INFO: q= 20  lin=+0.120  ang=-0.683  lat=2.29s  wp0=(0.012,0.003)
Setting `pad_token_id` to `eos_token_id`:151645 for open-end generation.
INFO: q= 21  lin=+0.265  ang=-0.716  lat=2.22s  wp0=(0.026,0.002)
Setting `pad_token_id` to `eos_token_id`:151645 for open-end generation.
INFO: q= 22  lin=+0.308  ang=-0.842  lat=2.28s  wp0=(0.031,0.002)
Setting `pad_token_id` to `eos_token_id`:151645 for open-end generation.
INFO: q= 23  lin=+0.208  ang=-1.000  lat=2.24s  wp0=(0.021,0.001)
Setting `pad_token_id` to `eos_token_id`:151645 for open-end generation.
INFO: q= 24  lin=+0.220  ang=-0.907  lat=2.21s  wp0=(0.022,0.004)
Setting `pad_token_id` to `eos_token_id`:151645 for open-end generation.
INFO: q= 25  lin=+0.196  ang=-0.806  lat=2.26s  wp0=(0.020,0.000)
Setting `pad_token_id` to `eos_token_id`:151645 for open-end generation.
INFO: q= 26  lin=+0.174  ang=-0.884  lat=2.34s  wp0=(0.017,-0.000)
Setting `pad_token_id` to `eos_token_id`:151645 for open-end generation.
INFO: q= 27  lin=+0.111  ang=-0.718  lat=2.29s  wp0=(0.009,0.006)
Setting `pad_token_id` to `eos_token_id`:151645 for open-end generation.
INFO: q= 28  lin=+0.136  ang=-0.650  lat=2.33s  wp0=(0.013,0.003)
Setting `pad_token_id` to `eos_token_id`:151645 for open-end generation.
INFO: q= 29  lin=+0.260  ang=-0.579  lat=2.28s  wp0=(0.026,0.003)
Setting `pad_token_id` to `eos_token_id`:151645 for open-end generation.
INFO: q= 30  lin=+0.224  ang=-0.646  lat=2.36s  wp0=(0.022,-0.001)
Setting `pad_token_id` to `eos_token_id`:151645 for open-end generation.
INFO: q= 31  lin=+0.122  ang=-0.972  lat=2.42s  wp0=(0.012,-0.003)
Setting `pad_token_id` to `eos_token_id`:151645 for open-end generation.
INFO: q= 32  lin=+0.194  ang=-0.824  lat=2.17s  wp0=(0.018,0.006)
Setting `pad_token_id` to `eos_token_id`:151645 for open-end generation.
INFO: q= 33  lin=+0.216  ang=-0.651  lat=2.32s  wp0=(0.021,0.006)
Setting `pad_token_id` to `eos_token_id`:151645 for open-end generation.
INFO: q= 34  lin=+0.120  ang=-0.639  lat=2.34s  wp0=(0.010,0.007)
Setting `pad_token_id` to `eos_token_id`:151645 for open-end generation.
INFO: q= 35  lin=+0.142  ang=-0.898  lat=2.44s  wp0=(0.014,0.002)
Setting `pad_token_id` to `eos_token_id`:151645 for open-end generation.
INFO: q= 36  lin=+0.076  ang=-1.000  lat=2.19s  wp0=(-0.007,0.002)
Setting `pad_token_id` to `eos_token_id`:151645 for open-end generation.
INFO: q= 37  lin=+0.141  ang=-1.000  lat=2.30s  wp0=(-0.012,-0.006)
Setting `pad_token_id` to `eos_token_id`:151645 for open-end generation.
INFO: q= 38  lin=+0.181  ang=-1.000  lat=2.14s  wp0=(-0.017,-0.007)
Setting `pad_token_id` to `eos_token_id`:151645 for open-end generation.
INFO: q= 39  lin=+0.124  ang=-1.000  lat=2.19s  wp0=(0.005,-0.012)
Setting `pad_token_id` to `eos_token_id`:151645 for open-end generation.
INFO: q= 40  lin=+0.134  ang=-0.952  lat=2.27s  wp0=(-0.008,-0.011)
INFO: Isaac Sim signalled done.
INFO: 
Video saved → /home/cvit-car-simulator/Desktop/bw18_sim_demo_fullckpt.mp4
INFO: Episode log → /home/cvit-car-simulator/Desktop/bw18_sim_demo_fullckpt.json
INFO: 
40 frames | 40 queries | avg_lin=0.213  avg_ang=-0.692  avg_lat=2.31s
FlashAttention2 is not installed.
